<html>
<body>
<pre>
<h1>µVision Build Log</h1>
<h2>Tool Versions:</h2>
IDE-Version: µVision V5.12.0.0
Copyright (C) 2014 ARM Ltd and ARM Germany GmbH. All rights reserved.
License Information: 1 Microsoft, Microsoft, LIC=P6F63-A0USJ-ZEYH2-9YH1V-E5BIZ-K8TWT
 
Tool Versions:
Toolchain:       MDK-ARM Professional  Version: 5.12.0.0
Toolchain Path:  C:\Keil_v5\ARM\ARMCC\Bin
C Compiler:      Armcc.exe V5.05 (build 41)
Assembler:       Armasm.exe V5.05 (build 41)
Linker/Locator:  ArmLink.exe V5.05 (build 41)
Library Manager: ArmAr.exe V5.05 (build 41)
Hex Converter:   FromElf.exe V5.05 (build 41)
CPU DLL:         SARMCM3.DLL V5.12.0.0
Dialog DLL:      DCM.DLL V1.13.0.0
    Target DLL: STLink\ST-LINKIII-KEIL_SWO.dll
Dialog DLL:      TCM.DLL V1.14.2.0
 
<h2>Project:</h2>
F:\WORK\SOURSE\SORCES\A&D - RS232\MDK-ARM\A&D_v3.uvprojx
Project File Date:  12/27/2014

<h2>Output:</h2>
Build target 'A&D'
compiling main.c...
..\Src\main.c(100): warning:  #191-D: type qualifier is meaningless on cast type
          data = ((const uint8_t * const) message)[byte] ^ (remainder >> (CRC16_WIDTH - 8));
..\Src\main.c: 1 warning, 0 errors
compiling init.c...
compiling stm32f30x_dma.c...
compiling stm32f30x_exti.c...
compiling stm32f30x_gpio.c...
compiling stm32f30x_i2c.c...
compiling stm32f30x_misc.c...
compiling stm32f30x_pwr.c...
compiling stm32f30x_rcc.c...
compiling stm32f30x_rtc.c...
compiling stm32f30x_spi.c...
compiling stm32f30x_syscfg.c...
compiling stm32f30x_tim.c...
compiling stm32f30x_usart.c...
compiling LED_STM32F3-Discovery.c...
compiling RTX_Conf_CM.c...
assembling startup_stm32f303xc.s...
compiling system_stm32f30x.c...
linking...
Program Size: Code=13072 RO-data=1104 RW-data=364 ZI-data=5852  
".\Objects\A&D_v3.axf" - 0 Error(s), 1 Warning(s).

<h2>Software Packages used:</h2>

Package Vendor: ARM
                http://www.keil.com/pack/ARM.CMSIS.4.2.0.pack
                ::CMSIS:RTOS:1.0 (API)
                CMSIS (Cortex Microcontroller Software Interface Standard)
   * Component: RTOS Version: 1.0
   * Component: CORE Version: 3.40.0
   * Component: Keil RTX Version: 4.75.0

Package Vendor: Keil
                http://www.keil.com/pack/Keil.MDK-Middleware.6.2.0.pack
                ::Board Support:LED:1.00 (API)
                Keil MDK-ARM Professional Middleware for ARM Cortex-M based devices
   * Component: LED Version: 1.00

Package Vendor: Keil
                http://www.keil.com/pack/Keil.STM32F3xx_DFP.1.1.0.pack
                Keil::Device:Startup:1.2.0
                STMicroelectronics STM32F3 Series Device Support and Examples
   * Component: Startup Version: 1.2.0
   * Component: LED Version: 1.0.0

<h2>Collection of Component include folders:</h2>
  F:\WORK\SOURSE\SORCES\A&D - RS232\MDK-ARM\RTE
  C:\Keil_v5\ARM\PACK\ARM\CMSIS\4.2.0\CMSIS\Include
  C:\Keil_v5\ARM\PACK\ARM\CMSIS\4.2.0\CMSIS_RTX\INC
  C:\Keil_v5\ARM\PACK\Keil\MDK-Middleware\6.2.0\Board
  C:\Keil_v5\ARM\PACK\Keil\STM32F3xx_DFP\1.1.0\Device\Include

<h2>Collection of Component Files used:</h2>

   * Component: ::CMSIS:RTOS:1.0 (API)

   * Component: ARM::CMSIS:CORE:3.40.0
      Source file:   CMSIS\UserCodeTemplates\ARM\ITM_Retarget.c

   * Component: ARM::CMSIS:RTOS:Keil RTX:4.75.0
      Include file:  CMSIS_RTX\INC\cmsis_os.h
      Source file:   CMSIS_RTX\Templates\RTX_Conf_CM.c
      Include file:  CMSIS_RTX\UserCodeTemplates\osObjects.h
      Source file:   CMSIS_RTX\UserCodeTemplates\main.c
      Source file:   CMSIS_RTX\UserCodeTemplates\MailQueue.c
      Source file:   CMSIS_RTX\UserCodeTemplates\MemPool.c
      Source file:   CMSIS_RTX\UserCodeTemplates\MsgQueue.c
      Source file:   CMSIS_RTX\UserCodeTemplates\Mutex.c
      Source file:   CMSIS_RTX\UserCodeTemplates\Semaphore.c
      Source file:   CMSIS_RTX\UserCodeTemplates\Thread.c
      Source file:   CMSIS_RTX\UserCodeTemplates\Timer.c
      Source file:   CMSIS_RTX\SRC\ARM\SVC_Table.s
      Library file:  CMSIS_RTX\LIB\ARM\RTX_CM4.lib

   * Component: ::Board Support:LED:1.00 (API)
      Include file:  Board\Board_LED.h

   * Component: Keil::Device:Startup:1.2.0
      Source file:   Device\Source\ARM\startup_stm32f303xc.s
      Source file:   Device\Source\system_stm32f30x.c
      Source file:   Device\Source\ARM\STM32F3xx_OPT.s

   * Component: Keil.STM32F3-Discovery::Board Support:LED:1.0.0
      Source file:   Boards\ST\STM32F3-Discovery\Common\LED_STM32F3-Discovery.c
